// Jest Snapshot v1, https://goo.gl/fbAQLP

exports[`<AdminMenu /> does not render button if user cannot edit or update 1`] = `
<Connect(InjectIntl(AdminMenu))
  survey={
    Object {
      "canDelete": false,
      "canUpdate": false,
      "id": 2,
      "title": "Survey",
    }
  }
  surveyId="2"
>
  <InjectIntl(AdminMenu)
    dispatch={[Function]}
    survey={
      Object {
        "canDelete": false,
        "canUpdate": false,
        "id": 2,
        "title": "Survey",
      }
    }
    surveyId="2"
  >
    <AdminMenu
      dispatch={[Function]}
      intl={
        Object {
          "defaultFormats": Object {},
          "defaultLocale": "en",
          "formatDate": [Function],
          "formatHTMLMessage": [Function],
          "formatMessage": [Function],
          "formatNumber": [Function],
          "formatPlural": [Function],
          "formatRelative": [Function],
          "formatTime": [Function],
          "formats": Object {},
          "formatters": Object {
            "getDateTimeFormat": [Function],
            "getMessageFormat": [Function],
            "getNumberFormat": [Function],
            "getPluralFormat": [Function],
            "getRelativeFormat": [Function],
          },
          "locale": "en",
          "messages": Object {},
          "now": [Function],
          "textComponent": "span",
          "timeZone": "Asia/Singapore",
        }
      }
      survey={
        Object {
          "canDelete": false,
          "canUpdate": false,
          "id": 2,
          "title": "Survey",
        }
      }
      surveyId="2"
    />
  </InjectIntl(AdminMenu)>
</Connect(InjectIntl(AdminMenu))>
`;
